# 磁盘分区及免密登录测试


使用root身份完成以下题目：

1  创建2G大小的分区，并要求重启后自动挂载到/test/下。


2  创建700M的swap分区，要求开机后自动加载swap分区。


3  开两台系统，完成免密登录。



## 1  创建2G大小的分区，并要求重启后自动挂载到/test/下。

```shell
Xshell for Xmanager Enterprise 5 (Build 0547)
Copyright (c) 2002-2015 NetSarang Computer, Inc. All rights reserved.

Type `help' to learn how to use Xshell prompt.
[c:\~]$ 

Connecting to 192.168.230.129:22...
Connection established.
To escape to local shell, press 'Ctrl+Alt+]'.

WARNING! The remote SSH server rejected X11 forwarding request.
Last login: Fri Nov  7 01:15:52 2025
[root@node1 ~]# ll
total 4
-rw-------. 1 root root 1417 Nov  2 03:38 anaconda-ks.cfg
[root@node1 ~]# df -h
Filesystem               Size  Used Avail Use% Mounted on
/dev/mapper/centos-root   17G  1.3G   16G   8% /
devtmpfs                 478M     0  478M   0% /dev
tmpfs                    489M     0  489M   0% /dev/shm
tmpfs                    489M  6.8M  482M   2% /run
tmpfs                    489M     0  489M   0% /sys/fs/cgroup
/dev/sda1               1014M  143M  872M  15% /boot
tmpfs                     98M     0   98M   0% /run/user/0
[root@node1 ~]# fdisk -l

Disk /dev/sdb: 10.7 GB, 10737418240 bytes, 20971520 sectors
Units = sectors of 1 * 512 = 512 bytes
Sector size (logical/physical): 512 bytes / 512 bytes
I/O size (minimum/optimal): 512 bytes / 512 bytes


Disk /dev/sda: 21.5 GB, 21474836480 bytes, 41943040 sectors
Units = sectors of 1 * 512 = 512 bytes
Sector size (logical/physical): 512 bytes / 512 bytes
I/O size (minimum/optimal): 512 bytes / 512 bytes
Disk label type: dos
Disk identifier: 0x000b2969

   Device Boot      Start         End      Blocks   Id  System
/dev/sda1   *        2048     2099199     1048576   83  Linux
/dev/sda2         2099200    41943039    19921920   8e  Linux LVM

Disk /dev/mapper/centos-root: 18.2 GB, 18249416704 bytes, 35643392 sectors
Units = sectors of 1 * 512 = 512 bytes
Sector size (logical/physical): 512 bytes / 512 bytes
I/O size (minimum/optimal): 512 bytes / 512 bytes


Disk /dev/mapper/centos-swap: 2147 MB, 2147483648 bytes, 4194304 sectors
Units = sectors of 1 * 512 = 512 bytes
Sector size (logical/physical): 512 bytes / 512 bytes
I/O size (minimum/optimal): 512 bytes / 512 bytes

[root@node1 ~]# fdisk /dev/sdb
Welcome to fdisk (util-linux 2.23.2).

Changes will remain in memory only, until you decide to write them.
Be careful before using the write command.

Device does not contain a recognized partition table
Building a new DOS disklabel with disk identifier 0x271ad2c1.

Command (m for help): m
Command action
   a   toggle a bootable flag
   b   edit bsd disklabel
   c   toggle the dos compatibility flag
   d   delete a partition
   g   create a new empty GPT partition table
   G   create an IRIX (SGI) partition table
   l   list known partition types
   m   print this menu
   n   add a new partition
   o   create a new empty DOS partition table
   p   print the partition table
   q   quit without saving changes
   s   create a new empty Sun disklabel
   t   change a partition's system id
   u   change display/entry units
   v   verify the partition table
   w   write table to disk and exit
   x   extra functionality (experts only)

Command (m for help): n
Partition type:
   p   primary (0 primary, 0 extended, 4 free)
   e   extended
Select (default p): e
Partition number (1-4, default 1): 2^H
Partition number (1-4, default 1): 
First sector (2048-20971519, default 2048): 
Using default value 2048
Last sector, +sectors or +size{K,M,G} (2048-20971519, default 20971519): 
Using default value 20971519
Partition 1 of type Extended and of size 10 GiB is set

Command (m for help): n
Partition type:
   p   primary (0 primary, 1 extended, 3 free)
   l   logical (numbered from 5)
Select (default p): l
Adding logical partition 5
First sector (4096-20971519, default 4096): 
Using default value 4096
Last sector, +sectors or +size{K,M,G} (4096-20971519, default 20971519): +2G
Partition 5 of type Linux and of size 2 GiB is set

Command (m for help): w
The partition table has been altered!

Calling ioctl() to re-read partition table.
Syncing disks.
[root@node1 ~]# fdisk -l

Disk /dev/sdb: 10.7 GB, 10737418240 bytes, 20971520 sectors
Units = sectors of 1 * 512 = 512 bytes
Sector size (logical/physical): 512 bytes / 512 bytes
I/O size (minimum/optimal): 512 bytes / 512 bytes
Disk label type: dos
Disk identifier: 0x271ad2c1

   Device Boot      Start         End      Blocks   Id  System
/dev/sdb1            2048    20971519    10484736    5  Extended
/dev/sdb5            4096     4198399     2097152   83  Linux

Disk /dev/sda: 21.5 GB, 21474836480 bytes, 41943040 sectors
Units = sectors of 1 * 512 = 512 bytes
Sector size (logical/physical): 512 bytes / 512 bytes
I/O size (minimum/optimal): 512 bytes / 512 bytes
Disk label type: dos
Disk identifier: 0x000b2969

   Device Boot      Start         End      Blocks   Id  System
/dev/sda1   *        2048     2099199     1048576   83  Linux
/dev/sda2         2099200    41943039    19921920   8e  Linux LVM

Disk /dev/mapper/centos-root: 18.2 GB, 18249416704 bytes, 35643392 sectors
Units = sectors of 1 * 512 = 512 bytes
Sector size (logical/physical): 512 bytes / 512 bytes
I/O size (minimum/optimal): 512 bytes / 512 bytes


Disk /dev/mapper/centos-swap: 2147 MB, 2147483648 bytes, 4194304 sectors
Units = sectors of 1 * 512 = 512 bytes
Sector size (logical/physical): 512 bytes / 512 bytes
I/O size (minimum/optimal): 512 bytes / 512 bytes

[root@node1 ~]# cd 、
-bash: cd: 、: No such file or directory
[root@node1 ~]# cd /
[root@node1 /]# mkdir test
[root@node1 /]# ll
total 20
lrwxrwxrwx.   1 root root    7 Nov  2 03:33 bin -> usr/bin
dr-xr-xr-x.   5 root root 4096 Nov  2 03:40 boot
drwxr-xr-x.  20 root root 3320 Nov  7 01:24 dev
drwxr-xr-x.  75 root root 8192 Nov  7 01:15 etc
drwxr-xr-x.   3 root root   16 Nov  2 03:37 home
lrwxrwxrwx.   1 root root    7 Nov  2 03:33 lib -> usr/lib
lrwxrwxrwx.   1 root root    9 Nov  2 03:33 lib64 -> usr/lib64
drwxr-xr-x.   2 root root    6 Nov  5  2016 media
drwxr-xr-x.   2 root root    6 Nov  5  2016 mnt
drwxr-xr-x.   2 root root    6 Nov  5  2016 opt
dr-xr-xr-x. 165 root root    0 Nov  7 01:15 proc
dr-xr-x---.   3 root root  163 Nov  2 04:26 root
drwxr-xr-x.  24 root root  720 Nov  7 01:15 run
lrwxrwxrwx.   1 root root    8 Nov  2 03:33 sbin -> usr/sbin
drwxr-xr-x.   2 root root    6 Nov  5  2016 srv
dr-xr-xr-x.  13 root root    0 Nov  7 01:15 sys
drwxr-xr-x.   2 root root    6 Nov  7 01:27 test
drwxrwxrwt.  10 root root 4096 Nov  7 01:16 tmp
drwxr-xr-x.  13 root root  155 Nov  2 03:33 usr
drwxr-xr-x.  19 root root  267 Nov  2 03:39 var
[root@node1 /]# mkfs.ext4 /dev/sdb5
mke2fs 1.42.9 (28-Dec-2013)
Filesystem label=
OS type: Linux
Block size=4096 (log=2)
Fragment size=4096 (log=2)
Stride=0 blocks, Stripe width=0 blocks
131072 inodes, 524288 blocks
26214 blocks (5.00%) reserved for the super user
First data block=0
Maximum filesystem blocks=536870912
16 block groups
32768 blocks per group, 32768 fragments per group
8192 inodes per group
Superblock backups stored on blocks: 
	32768, 98304, 163840, 229376, 294912

Allocating group tables: done                            
Writing inode tables: done                            
Creating journal (16384 blocks): done
Writing superblocks and filesystem accounting information: done 

[root@node1 /]# vim /etc/fstab
[root@node1 /]# mount -a
[root@node1 /]# cat /proc/partitions 
major minor  #blocks  name

   8       16   10485760 sdb
   8       17          1 sdb1
   8       21    2097152 sdb5
   8        0   20971520 sda
   8        1    1048576 sda1
   8        2   19921920 sda2
  11        0    4415488 sr0
 253        0   17821696 dm-0
 253        1    2097152 dm-1
[root@node1 /]# df -h
Filesystem               Size  Used Avail Use% Mounted on
/dev/mapper/centos-root   17G  1.3G   16G   8% /
devtmpfs                 478M     0  478M   0% /dev
tmpfs                    489M     0  489M   0% /dev/shm
tmpfs                    489M  6.8M  482M   2% /run
tmpfs                    489M     0  489M   0% /sys/fs/cgroup
/dev/sda1               1014M  143M  872M  15% /boot
tmpfs                     98M     0   98M   0% /run/user/0
/dev/sdb5                2.0G  6.0M  1.8G   1% /test
[root@node1 /]# fdisk -l

Disk /dev/sdb: 10.7 GB, 10737418240 bytes, 20971520 sectors
Units = sectors of 1 * 512 = 512 bytes
Sector size (logical/physical): 512 bytes / 512 bytes
I/O size (minimum/optimal): 512 bytes / 512 bytes
Disk label type: dos
Disk identifier: 0x271ad2c1

   Device Boot      Start         End      Blocks   Id  System
/dev/sdb1            2048    20971519    10484736    5  Extended
/dev/sdb5            4096     4198399     2097152   83  Linux

Disk /dev/sda: 21.5 GB, 21474836480 bytes, 41943040 sectors
Units = sectors of 1 * 512 = 512 bytes
Sector size (logical/physical): 512 bytes / 512 bytes
I/O size (minimum/optimal): 512 bytes / 512 bytes
Disk label type: dos
Disk identifier: 0x000b2969

   Device Boot      Start         End      Blocks   Id  System
/dev/sda1   *        2048     2099199     1048576   83  Linux
/dev/sda2         2099200    41943039    19921920   8e  Linux LVM

Disk /dev/mapper/centos-root: 18.2 GB, 18249416704 bytes, 35643392 sectors
Units = sectors of 1 * 512 = 512 bytes
Sector size (logical/physical): 512 bytes / 512 bytes
I/O size (minimum/optimal): 512 bytes / 512 bytes


Disk /dev/mapper/centos-swap: 2147 MB, 2147483648 bytes, 4194304 sectors
Units = sectors of 1 * 512 = 512 bytes
Sector size (logical/physical): 512 bytes / 512 bytes
I/O size (minimum/optimal): 512 bytes / 512 bytes

[root@node1 /]# init 6

Connection closed by foreign host.

Disconnected from remote host(node4) at 14:32:00.

Type `help' to learn how to use Xshell prompt.
[c:\~]$ 

Connecting to 192.168.230.129:22...
Connection established.
To escape to local shell, press 'Ctrl+Alt+]'.

WARNING! The remote SSH server rejected X11 forwarding request.
Last login: Fri Nov  7 01:16:14 2025 from 192.168.230.1
[root@node1 ~]# fdisk -l

Disk /dev/sda: 21.5 GB, 21474836480 bytes, 41943040 sectors
Units = sectors of 1 * 512 = 512 bytes
Sector size (logical/physical): 512 bytes / 512 bytes
I/O size (minimum/optimal): 512 bytes / 512 bytes
Disk label type: dos
Disk identifier: 0x000b2969

   Device Boot      Start         End      Blocks   Id  System
/dev/sda1   *        2048     2099199     1048576   83  Linux
/dev/sda2         2099200    41943039    19921920   8e  Linux LVM

Disk /dev/sdb: 10.7 GB, 10737418240 bytes, 20971520 sectors
Units = sectors of 1 * 512 = 512 bytes
Sector size (logical/physical): 512 bytes / 512 bytes
I/O size (minimum/optimal): 512 bytes / 512 bytes
Disk label type: dos
Disk identifier: 0x271ad2c1

   Device Boot      Start         End      Blocks   Id  System
/dev/sdb1            2048    20971519    10484736    5  Extended
/dev/sdb5            4096     4198399     2097152   83  Linux

Disk /dev/mapper/centos-root: 18.2 GB, 18249416704 bytes, 35643392 sectors
Units = sectors of 1 * 512 = 512 bytes
Sector size (logical/physical): 512 bytes / 512 bytes
I/O size (minimum/optimal): 512 bytes / 512 bytes


Disk /dev/mapper/centos-swap: 2147 MB, 2147483648 bytes, 4194304 sectors
Units = sectors of 1 * 512 = 512 bytes
Sector size (logical/physical): 512 bytes / 512 bytes
I/O size (minimum/optimal): 512 bytes / 512 bytes

[root@node1 ~]# df -h
Filesystem               Size  Used Avail Use% Mounted on
/dev/mapper/centos-root   17G  1.3G   16G   8% /
devtmpfs                 478M     0  478M   0% /dev
tmpfs                    489M     0  489M   0% /dev/shm
tmpfs                    489M  6.7M  482M   2% /run
tmpfs                    489M     0  489M   0% /sys/fs/cgroup
/dev/sda1               1014M  143M  872M  15% /boot
/dev/sdb5                2.0G  6.0M  1.8G   1% /test
tmpfs                     98M     0   98M   0% /run/user/0
[root@node1 ~]# 

```

## 2  创建700M的swap分区，要求开机后自动加载swap分区。

```shell
Connecting to 192.168.230.129:22...
Connection established.
To escape to local shell, press 'Ctrl+Alt+]'.

WARNING! The remote SSH server rejected X11 forwarding request.
Last login: Fri Nov  7 01:33:06 2025 from 192.168.230.1
[root@node1 ~]# fdisk -l

Disk /dev/sda: 21.5 GB, 21474836480 bytes, 41943040 sectors
Units = sectors of 1 * 512 = 512 bytes
Sector size (logical/physical): 512 bytes / 512 bytes
I/O size (minimum/optimal): 512 bytes / 512 bytes
Disk label type: dos
Disk identifier: 0x000b2969

   Device Boot      Start         End      Blocks   Id  System
/dev/sda1   *        2048     2099199     1048576   83  Linux
/dev/sda2         2099200    41943039    19921920   8e  Linux LVM

Disk /dev/sdb: 10.7 GB, 10737418240 bytes, 20971520 sectors
Units = sectors of 1 * 512 = 512 bytes
Sector size (logical/physical): 512 bytes / 512 bytes
I/O size (minimum/optimal): 512 bytes / 512 bytes
Disk label type: dos
Disk identifier: 0x271ad2c1

   Device Boot      Start         End      Blocks   Id  System
/dev/sdb1            2048    20971519    10484736    5  Extended
/dev/sdb5            4096     4198399     2097152   83  Linux

Disk /dev/sdc: 1073 MB, 1073741824 bytes, 2097152 sectors
Units = sectors of 1 * 512 = 512 bytes
Sector size (logical/physical): 512 bytes / 512 bytes
I/O size (minimum/optimal): 512 bytes / 512 bytes


Disk /dev/mapper/centos-root: 18.2 GB, 18249416704 bytes, 35643392 sectors
Units = sectors of 1 * 512 = 512 bytes
Sector size (logical/physical): 512 bytes / 512 bytes
I/O size (minimum/optimal): 512 bytes / 512 bytes


Disk /dev/mapper/centos-swap: 2147 MB, 2147483648 bytes, 4194304 sectors
Units = sectors of 1 * 512 = 512 bytes
Sector size (logical/physical): 512 bytes / 512 bytes
I/O size (minimum/optimal): 512 bytes / 512 bytes

[root@node1 ~]# free -h
              total        used        free      shared  buff/cache   available
Mem:           976M        144M        687M        6.7M        143M        668M
Swap:          2.0G          0B        2.0G
[root@node1 ~]# fdisk /dev/sdc
Welcome to fdisk (util-linux 2.23.2).

Changes will remain in memory only, until you decide to write them.
Be careful before using the write command.

Device does not contain a recognized partition table
Building a new DOS disklabel with disk identifier 0x163333ec.

Command (m for help): n
Partition type:
   p   primary (0 primary, 0 extended, 4 free)
   e   extended
Select (default p): e
Partition number (1-4, default 1): 
First sector (2048-2097151, default 2048): 
Using default value 2048
Last sector, +sectors or +size{K,M,G} (2048-2097151, default 2097151): 
Using default value 2097151
Partition 1 of type Extended and of size 1023 MiB is set

Command (m for help): n
Partition type:
   p   primary (0 primary, 1 extended, 3 free)
   l   logical (numbered from 5)
Select (default p): l
Adding logical partition 5
First sector (4096-2097151, default 4096): 
Using default value 4096
Last sector, +sectors or +size{K,M,G} (4096-2097151, default 2097151): +700m^H
Unsupported suffix: ''.
Supported: 10^N: KB (KiloByte), MB (MegaByte), GB (GigaByte)
            2^N: K  (KibiByte), M  (MebiByte), G  (GibiByte)
Last sector, +sectors or +size{K,M,G} (4096-2097151, default 2097151): +700M
Partition 5 of type Linux and of size 700 MiB is set

Command (m for help): n^H
Partition type:
   p   primary (0 primary, 1 extended, 3 free)
   l   logical (numbered from 5)
Select (default p): l
Adding logical partition 6
First sector (1439744-2097151, default 1439744): ^C
[root@node1 ~]# fdisk /dev/sdc
Welcome to fdisk (util-linux 2.23.2).

Changes will remain in memory only, until you decide to write them.
Be careful before using the write command.

Device does not contain a recognized partition table
Building a new DOS disklabel with disk identifier 0x7e5f2e68.

Command (m for help): n
Partition type:
   p   primary (0 primary, 0 extended, 4 free)
   e   extended
Select (default p): e
Partition number (1-4, default 1): 
First sector (2048-2097151, default 2048): 
Using default value 2048
Last sector, +sectors or +size{K,M,G} (2048-2097151, default 2097151): 
Using default value 2097151
Partition 1 of type Extended and of size 1023 MiB is set

Command (m for help): n
Partition type:
   p   primary (0 primary, 1 extended, 3 free)
   l   logical (numbered from 5)
Select (default p): l
Adding logical partition 5
First sector (4096-2097151, default 4096): 
Using default value 4096
Last sector, +sectors or +size{K,M,G} (4096-2097151, default 2097151): +700M
Partition 5 of type Linux and of size 700 MiB is set

Command (m for help): w
The partition table has been altered!

Calling ioctl() to re-read partition table.
Syncing disks.
[root@node1 ~]# cat /proc/partitions
major minor  #blocks  name

   8        0   20971520 sda
   8        1    1048576 sda1
   8        2   19921920 sda2
   8       16   10485760 sdb
   8       17          1 sdb1
   8       21    2097152 sdb5
   8       32    1048576 sdc
   8       33          1 sdc1
   8       37     716800 sdc5
  11        0    4415488 sr0
 253        0   17821696 dm-0
 253        1    2097152 dm-1
[root@node1 ~]#  mkswap /dev/sdc5
Setting up swapspace version 1, size = 716796 KiB
no label, UUID=c28503a4-5595-4345-a4cb-8f2ac21d7593
[root@node1 ~]# swapon /dev/sdc5
[root@node1 ~]# free -h
              total        used        free      shared  buff/cache   available
Mem:           976M        144M        687M        6.7M        143M        668M
Swap:          2.7G          0B        2.7G
[root@node1 ~]# blkid
/dev/sda1: UUID="ce7c0b95-27ac-401a-80d2-a1376f6295aa" TYPE="xfs" 
/dev/sda2: UUID="BYXMQQ-cBqc-TWj3-mQDS-vHaX-PRqH-oBTHMf" TYPE="LVM2_member" 
/dev/sdb5: UUID="6cd87bf0-a537-4c8b-92ca-b63a5eb83b07" TYPE="ext4" 
/dev/sdc5: UUID="c28503a4-5595-4345-a4cb-8f2ac21d7593" TYPE="swap" 
/dev/sr0: UUID="2017-09-06-10-51-00-00" LABEL="CentOS 7 x86_64" TYPE="iso9660" PTTYPE="dos" 
/dev/mapper/centos-root: UUID="e338ad7a-e18f-4eb5-9364-b020195186c1" TYPE="xfs" 
/dev/mapper/centos-swap: UUID="e79e9f21-ef0f-44b9-8ad5-0fe05d8cfdea" TYPE="swap" 
[root@node1 ~]# vim /etc/fstab
[root@node1 ~]# mount -a
[root@node1 ~]# free -h
              total        used        free      shared  buff/cache   available
Mem:           976M        145M        678M        6.7M        152M        663M
Swap:          2.7G          0B        2.7G
[root@node1 ~]# swapon -s
Filename				Type		Size	Used	Priority
/dev/dm-1                              	partition	2097148	0	-1
/dev/sdc5                              	partition	716796	0	-2
[root@node1 ~]# 

```

## 3  开两台系统，完成免密登录。

```shell
[root@node1 ~]# 
[root@node1 ~]# 
[root@node1 ~]# ssh-keygen
Generating public/private rsa key pair.
Enter file in which to save the key (/root/.ssh/id_rsa): 
Created directory '/root/.ssh'.
Enter passphrase (empty for no passphrase): 
Enter same passphrase again: 
Your identification has been saved in /root/.ssh/id_rsa.
Your public key has been saved in /root/.ssh/id_rsa.pub.
The key fingerprint is:
SHA256:pv+ybv2u5/jzCgDsucMcEJnYLTesjdT3xoAggUnz2Vc root@node1
The key's randomart image is:
+---[RSA 2048]----+
|.=o+oB . E       |
|o +.OoB +        |
|   +.Bo+ +       |
|    oooo  +      |
|      + S.       |
|     o = .       |
|      *  ..      |
|       oo .oo    |
|       o+++B*+.  |
+----[SHA256]-----+
[root@node1 ~]# cd /
[root@node1 /]# ll
total 24
lrwxrwxrwx.   1 root root    7 Nov  2 03:33 bin -> usr/bin
dr-xr-xr-x.   5 root root 4096 Nov  2 03:40 boot
drwxr-xr-x.  20 root root 3400 Nov  7 01:49 dev
drwxr-xr-x.  75 root root 8192 Nov  7 01:53 etc
drwxr-xr-x.   3 root root   16 Nov  2 03:37 home
lrwxrwxrwx.   1 root root    7 Nov  2 03:33 lib -> usr/lib
lrwxrwxrwx.   1 root root    9 Nov  2 03:33 lib64 -> usr/lib64
drwxr-xr-x.   2 root root    6 Nov  5  2016 media
drwxr-xr-x.   2 root root    6 Nov  5  2016 mnt
drwxr-xr-x.   2 root root    6 Nov  5  2016 opt
dr-xr-xr-x. 167 root root    0 Nov  7 01:45 proc
dr-xr-x---.   4 root root  175 Nov  7 02:03 root
drwxr-xr-x.  25 root root  740 Nov  7 01:51 run
lrwxrwxrwx.   1 root root    8 Nov  2 03:33 sbin -> usr/sbin
drwxr-xr-x.   2 root root    6 Nov  5  2016 srv
dr-xr-xr-x.  13 root root    0 Nov  7 01:46 sys
drwxr-xr-x.   3 root root 4096 Nov  7 01:28 test
drwxrwxrwt.  10 root root 4096 Nov  7 01:46 tmp
drwxr-xr-x.  13 root root  155 Nov  2 03:33 usr
drwxr-xr-x.  19 root root  267 Nov  2 03:39 var
[root@node1 /]# cd 
[root@node1 ~]# ssh-copy-id -i /root/.ssh/id_rsa.pub root@192.168.230.131
/usr/bin/ssh-copy-id: INFO: Source of key(s) to be installed: "/root/.ssh/id_rsa.pub"
The authenticity of host '192.168.230.131 (192.168.230.131)' can't be established.
ECDSA key fingerprint is SHA256:mhvyLjhZcqqK5UYxJDP4tK8my9VZFLsp/b6o1L1F5EU.
ECDSA key fingerprint is MD5:44:80:1f:d8:b4:13:a8:6f:f9:99:19:29:55:5e:b0:26.
Are you sure you want to continue connecting (yes/no)? yes
/usr/bin/ssh-copy-id: INFO: attempting to log in with the new key(s), to filter out any that are already installed
/usr/bin/ssh-copy-id: INFO: 1 key(s) remain to be installed -- if you are prompted now it is to install the new keys
root@192.168.230.131's password: 

Number of key(s) added: 1

Now try logging into the machine, with:   "ssh 'root@192.168.230.131'"
and check to make sure that only the key(s) you wanted were added.

[root@node1 ~]# ssh root@192.168.230.131
Last login: Fri Nov  7 02:01:36 2025 from 192.168.230.1
[root@node3 ~]# exit
logout
Connection to 192.168.230.131 closed.
[root@node1 ~]# 

```

